------------------------------------------------------------
TimeQuest Timing Analyzer Summary
------------------------------------------------------------

Type  : Slow 1200mV 85C Model Setup 'GClock1'
Slack : -7.563
TNS   : -357.236

Type  : Slow 1200mV 85C Model Setup 'GClock2'
Slack : -2.155
TNS   : -2.511

Type  : Slow 1200mV 85C Model Hold 'GClock2'
Slack : 0.282
TNS   : 0.000

Type  : Slow 1200mV 85C Model Hold 'GClock1'
Slack : 0.402
TNS   : 0.000

Type  : Slow 1200mV 85C Model Recovery 'GClock1'
Slack : -8.697
TNS   : -226.063

Type  : Slow 1200mV 85C Model Removal 'GClock1'
Slack : 3.507
TNS   : 0.000

Type  : Slow 1200mV 85C Model Minimum Pulse Width 'GClock1'
Slack : -3.000
TNS   : -232.795

Type  : Slow 1200mV 85C Model Minimum Pulse Width 'GClock2'
Slack : -3.000
TNS   : -13.772

Type  : Slow 1200mV 0C Model Setup 'GClock1'
Slack : -6.802
TNS   : -315.062

Type  : Slow 1200mV 0C Model Setup 'GClock2'
Slack : -1.877
TNS   : -2.153

Type  : Slow 1200mV 0C Model Hold 'GClock2'
Slack : 0.293
TNS   : 0.000

Type  : Slow 1200mV 0C Model Hold 'GClock1'
Slack : 0.354
TNS   : 0.000

Type  : Slow 1200mV 0C Model Recovery 'GClock1'
Slack : -7.864
TNS   : -203.914

Type  : Slow 1200mV 0C Model Removal 'GClock1'
Slack : 3.157
TNS   : 0.000

Type  : Slow 1200mV 0C Model Minimum Pulse Width 'GClock1'
Slack : -3.000
TNS   : -231.035

Type  : Slow 1200mV 0C Model Minimum Pulse Width 'GClock2'
Slack : -3.000
TNS   : -13.596

Type  : Fast 1200mV 0C Model Setup 'GClock1'
Slack : -3.189
TNS   : -107.423

Type  : Fast 1200mV 0C Model Setup 'GClock2'
Slack : -0.608
TNS   : -0.608

Type  : Fast 1200mV 0C Model Hold 'GClock2'
Slack : 0.093
TNS   : 0.000

Type  : Fast 1200mV 0C Model Hold 'GClock1'
Slack : 0.181
TNS   : 0.000

Type  : Fast 1200mV 0C Model Recovery 'GClock1'
Slack : -3.782
TNS   : -97.736

Type  : Fast 1200mV 0C Model Removal 'GClock1'
Slack : 1.678
TNS   : 0.000

Type  : Fast 1200mV 0C Model Minimum Pulse Width 'GClock1'
Slack : -3.000
TNS   : -149.150

Type  : Fast 1200mV 0C Model Minimum Pulse Width 'GClock2'
Slack : -3.000
TNS   : -7.508

------------------------------------------------------------
